AR register_file behavioral C:/arxitektonikh1/HRY415-project-3/code/Register_File.vhd sub00/vhpl63 1545330725
EN demux NULL C:/arxitektonikh1/HRY415-project-3/code/demux1bit.vhd sub00/vhpl04 1545330664
AR buffer_line behavioral C:/arxitektonikh1/HRY415-project-3/code/buffer_line.vhd sub00/vhpl27 1545330691
EN reg32bitr NULL C:/arxitektonikh1/HRY415-project-3/code/Reg32BitR.vhd sub00/vhpl18 1545330682
AR mux behavioral C:/arxitektonikh1/HRY415-project-3/code/mux.vhd sub00/vhpl01 1545330659
AR cdbunit behavioral C:/arxitektonikh1/HRY415-project-3/code/CDBunit.vhd sub00/vhpl73 1545330735
EN cyclical_shift_register NULL C:/arxitektonikh1/HRY415-project-3/code/cyclical_shift_register.vhd sub00/vhpl14 1545330678
AR mux32to1_32bit behavioral C:/arxitektonikh1/HRY415-project-3/code/mux32to1_32Bit.vhd sub00/vhpl33 1545330697
AR reorder_buffer behavioral C:/arxitektonikh1/HRY415-project-3/code/reorder_buffer.vhd sub00/vhpl59 1545330721
AR fu_arithmetic behavioral C:/arxitektonikh1/HRY415-project-3/code/FU_arithmetic.vhd sub00/vhpl67 1545330729
AR logical_unit behavioral C:/arxitektonikh1/HRY415-project-3/code/logical_unit.vhd sub00/vhpl43 1545330705
AR cyclical_shift_register behavioral C:/arxitektonikh1/HRY415-project-3/code/cyclical_shift_register.vhd sub00/vhpl15 1545330679
AR reg4bitr behavioral C:/arxitektonikh1/HRY415-project-3/code/Reg4BitR.vhd sub00/vhpl11 1545330673
EN mux32bit NULL C:/arxitektonikh1/HRY415-project-3/code/mux32Bit.vhd sub00/vhpl20 1545330662
EN v_block NULL C:/arxitektonikh1/HRY415-project-3/code/V_block.vhd sub00/vhpl56 1545330718
EN back_end NULL C:/arxitektonikh1/HRY415-project-3/code/Back_end.vhd sub00/vhpl74 1545330736
AR demux4to16 behavioral C:/arxitektonikh1/HRY415-project-3/code/demux4to16.vhd sub00/vhpl23 1545330687
EN demux3to8 NULL C:/arxitektonikh1/HRY415-project-3/code/demux3to8.vhd sub00/vhpl12 1545330676
AR rob_control behavioral C:/arxitektonikh1/HRY415-project-3/code/rob_control.vhd sub00/vhpl29 1545330693
AR mux4to1_5bit behavioral C:/arxitektonikh1/HRY415-project-3/code/mux4to1_5bit.vhd sub00/vhpl37 1545330699
AR rs_reg_line behavioral C:/arxitektonikh1/HRY415-project-3/code/RS_reg_line.vhd sub00/vhpl47 1545330709
AR reg2bitr behavioral C:/arxitektonikh1/HRY415-project-3/code/Reg2BitR.vhd sub00/vhpl41 1545330703
EN demux4to16 NULL C:/arxitektonikh1/HRY415-project-3/code/demux4to16.vhd sub00/vhpl22 1545330686
EN reg5bitr NULL C:/arxitektonikh1/HRY415-project-3/code/Reg5BitR.vhd sub00/vhpl16 1545330680
AR back_end behavioral C:/arxitektonikh1/HRY415-project-3/code/Back_end.vhd sub00/vhpl75 1545330737
AR reg32bitr structural C:/arxitektonikh1/HRY415-project-3/code/Reg32BitR.vhd sub00/vhpl19 1545330683
AR arithmetic_unit behavioral C:/arxitektonikh1/HRY415-project-3/code/arithmetic_unit.vhd sub00/vhpl51 1545330713
EN fu_arithmetic_control NULL C:/arxitektonikh1/HRY415-project-3/code/FU_arithmetic_control.vhd sub00/vhpl52 1545330714
EN mux8to1_32bit NULL C:/arxitektonikh1/HRY415-project-3/code/mux8to1_32Bit.vhd sub00/vhpl78 1545330674
EN fu_logical_control NULL C:/arxitektonikh1/HRY415-project-3/code/FU_logical_control.vhd sub00/vhpl44 1545330706
AR demux2to4 behavioral C:/arxitektonikh1/HRY415-project-3/code/demux2to4.vhd sub00/vhpl09 1545330671
EN reg1bitr NULL C:/arxitektonikh1/HRY415-project-3/code/Reg1BitR.vhd sub00/vhpl06 1545330666
AR mux32bit behavioral C:/arxitektonikh1/HRY415-project-3/code/mux32Bit.vhd sub00/vhpl21 1545330663
EN buffer_line NULL C:/arxitektonikh1/HRY415-project-3/code/buffer_line.vhd sub00/vhpl26 1545330690
AR fu_logical_control behavioral C:/arxitektonikh1/HRY415-project-3/code/FU_logical_control.vhd sub00/vhpl45 1545330707
AR mux8to1_32bit behavioral C:/arxitektonikh1/HRY415-project-3/code/mux8to1_32Bit.vhd sub00/vhpl79 1545330675
EN logical_unit NULL C:/arxitektonikh1/HRY415-project-3/code/logical_unit.vhd sub00/vhpl42 1545330704
EN rs_unit_logical NULL C:/arxitektonikh1/HRY415-project-3/code/RS_unit_logical.vhd sub00/vhpl68 1545330730
EN rs_unit_arithemtic NULL C:/arxitektonikh1/HRY415-project-3/code/RSUnitAr.vhd sub00/vhpl64 1545330726
AR demux3to8 behavioral C:/arxitektonikh1/HRY415-project-3/code/demux3to8.vhd sub00/vhpl13 1545330677
AR demux behavioral C:/arxitektonikh1/HRY415-project-3/code/demux1bit.vhd sub00/vhpl05 1545330665
EN issue_unit NULL C:/arxitektonikh1/HRY415-project-3/code/Issue_unit.vhd sub00/vhpl60 1545330722
EN demux5to32 NULL C:/arxitektonikh1/HRY415-project-3/code/demux5to32.vhd sub00/vhpl30 1545330694
EN demux2to4 NULL C:/arxitektonikh1/HRY415-project-3/code/demux2to4.vhd sub00/vhpl08 1545330670
AR mux5bit behavioral C:/arxitektonikh1/HRY415-project-3/code/mux5Bit.vhd sub00/vhpl25 1545330689
EN reg2bitr NULL C:/arxitektonikh1/HRY415-project-3/code/Reg2BitR.vhd sub00/vhpl40 1545330702
EN fu_arithmetic NULL C:/arxitektonikh1/HRY415-project-3/code/FU_arithmetic.vhd sub00/vhpl66 1545330728
AR fu_arithmetic_control behavioral C:/arxitektonikh1/HRY415-project-3/code/FU_arithmetic_control.vhd sub00/vhpl53 1545330715
EN register_file NULL C:/arxitektonikh1/HRY415-project-3/code/Register_File.vhd sub00/vhpl62 1545330724
AR reg5bitr behavioral C:/arxitektonikh1/HRY415-project-3/code/Reg5BitR.vhd sub00/vhpl17 1545330681
EN cdb_control NULL C:/arxitektonikh1/HRY415-project-3/code/CDB_control.vhd sub00/vhpl38 1545330700
AR issue_unit behavioral C:/arxitektonikh1/HRY415-project-3/code/Issue_unit.vhd sub00/vhpl61 1545330723
AR rs_logical_control behavioral C:/arxitektonikh1/HRY415-project-3/code/RS_logica_control.vhd sub00/vhpl49 1545330711
AR mux4to1_32bit behavioral C:/arxitektonikh1/HRY415-project-3/code/mux4to1_32Bit.vhd sub00/vhpl35 1545330669
AR rs_unit_logical behavioral C:/arxitektonikh1/HRY415-project-3/code/RS_unit_logical.vhd sub00/vhpl69 1545330731
EN mux32to1_32bit NULL C:/arxitektonikh1/HRY415-project-3/code/mux32to1_32Bit.vhd sub00/vhpl32 1545330696
EN reorder_buffer NULL C:/arxitektonikh1/HRY415-project-3/code/reorder_buffer.vhd sub00/vhpl58 1545330720
EN flipflop NULL C:/arxitektonikh1/HRY415-project-3/code/flipflop.vhd sub00/vhpl02 1545330660
AR fu_logical behavioral C:/arxitektonikh1/HRY415-project-3/code/FU_logical.vhd sub00/vhpl71 1545330733
AR demux5to32 structural C:/arxitektonikh1/HRY415-project-3/code/demux5to32.vhd sub00/vhpl31 1545330695
AR reg1bitr behavioral C:/arxitektonikh1/HRY415-project-3/code/Reg1BitR.vhd sub00/vhpl07 1545330667
AR v_block behavioral C:/arxitektonikh1/HRY415-project-3/code/V_block.vhd sub00/vhpl57 1545330719
EN mux NULL C:/arxitektonikh1/HRY415-project-3/code/mux.vhd sub00/vhpl00 1545330658
EN cdbunit NULL C:/arxitektonikh1/HRY415-project-3/code/CDBunit.vhd sub00/vhpl72 1545330734
EN mux16to1_32bit NULL C:/arxitektonikh1/HRY415-project-3/code/mux16to1_32Bit.vhd sub00/vhpl76 1545330684
AR cdb_control behavioral C:/arxitektonikh1/HRY415-project-3/code/CDB_control.vhd sub00/vhpl39 1545330701
AR rs_arithmetic_control behavioral C:/arxitektonikh1/HRY415-project-3/code/RS_ar_control.vhd sub00/vhpl55 1545330717
EN fu_logical NULL C:/arxitektonikh1/HRY415-project-3/code/FU_logical.vhd sub00/vhpl70 1545330732
EN mux4to1_5bit NULL C:/arxitektonikh1/HRY415-project-3/code/mux4to1_5bit.vhd sub00/vhpl36 1545330698
EN rs_reg_line NULL C:/arxitektonikh1/HRY415-project-3/code/RS_reg_line.vhd sub00/vhpl46 1545330708
EN mux5bit NULL C:/arxitektonikh1/HRY415-project-3/code/mux5Bit.vhd sub00/vhpl24 1545330688
EN arithmetic_unit NULL C:/arxitektonikh1/HRY415-project-3/code/arithmetic_unit.vhd sub00/vhpl50 1545330712
AR flipflop behavioral C:/arxitektonikh1/HRY415-project-3/code/flipflop.vhd sub00/vhpl03 1545330661
EN rs_arithmetic_control NULL C:/arxitektonikh1/HRY415-project-3/code/RS_ar_control.vhd sub00/vhpl54 1545330716
AR rs_unit_arithemtic behavioral C:/arxitektonikh1/HRY415-project-3/code/RSUnitAr.vhd sub00/vhpl65 1545330727
EN rob_control NULL C:/arxitektonikh1/HRY415-project-3/code/rob_control.vhd sub00/vhpl28 1545330692
EN mux4to1_32bit NULL C:/arxitektonikh1/HRY415-project-3/code/mux4to1_32Bit.vhd sub00/vhpl34 1545330668
AR mux16to1_32bit behavioral C:/arxitektonikh1/HRY415-project-3/code/mux16to1_32Bit.vhd sub00/vhpl77 1545330685
EN reg4bitr NULL C:/arxitektonikh1/HRY415-project-3/code/Reg4BitR.vhd sub00/vhpl10 1545330672
EN rs_logical_control NULL C:/arxitektonikh1/HRY415-project-3/code/RS_logica_control.vhd sub00/vhpl48 1545330710
