V3 159
FL C:/arxitektonikh1/HRY415-project-3/code/arithmetic_unit.vhd 2018/11/29.23:38:29 O.87xd
EN work/arithmetic_unit 1545330712 \
      FL C:/arxitektonikh1/HRY415-project-3/code/arithmetic_unit.vhd \
      PB ieee/std_logic_1164 1325952872 PB ieee/STD_LOGIC_UNSIGNED 1325952875
AR work/arithmetic_unit/Behavioral 1545330713 \
      FL C:/arxitektonikh1/HRY415-project-3/code/arithmetic_unit.vhd \
      EN work/arithmetic_unit 1545330712
FL C:/arxitektonikh1/HRY415-project-3/code/Back_end.vhd 2018/12/13.17:57:16 O.87xd
EN work/Back_end 1545330736 \
      FL C:/arxitektonikh1/HRY415-project-3/code/Back_end.vhd \
      PB ieee/std_logic_1164 1325952872
AR work/Back_end/Behavioral 1545330737 \
      FL C:/arxitektonikh1/HRY415-project-3/code/Back_end.vhd EN work/Back_end 1545330736 \
      CP Issue_unit CP Register_File CP RS_unit_arithemtic CP FU_arithmetic \
      CP RS_unit_logical CP FU_logical CP CDBunit
FL C:/arxitektonikh1/HRY415-project-3/code/buffer_line.vhd 2018/12/14.16:15:11 O.87xd
EN work/buffer_line 1545330690 \
      FL C:/arxitektonikh1/HRY415-project-3/code/buffer_line.vhd \
      PB ieee/std_logic_1164 1325952872
AR work/buffer_line/Behavioral 1545330691 \
      FL C:/arxitektonikh1/HRY415-project-3/code/buffer_line.vhd \
      EN work/buffer_line 1545330690 CP Reg1BitR CP Reg5BitR CP Reg32BitR
FL C:/arxitektonikh1/HRY415-project-3/code/CDBunit.vhd 2018/11/29.23:38:29 O.87xd
EN work/CDBunit 1545330734 FL C:/arxitektonikh1/HRY415-project-3/code/CDBunit.vhd \
      PB ieee/std_logic_1164 1325952872
AR work/CDBunit/Behavioral 1545330735 \
      FL C:/arxitektonikh1/HRY415-project-3/code/CDBunit.vhd EN work/CDBunit 1545330734 \
      CP mux4to1_32Bit CP mux4to1_5bit CP CDB_control CP Reg1BitR CP Reg2BitR
FL C:/arxitektonikh1/HRY415-project-3/code/CDB_control.vhd 2018/11/29.23:38:29 O.87xd
EN work/CDB_control 1545330700 \
      FL C:/arxitektonikh1/HRY415-project-3/code/CDB_control.vhd \
      PB ieee/std_logic_1164 1325952872
AR work/CDB_control/Behavioral 1545330701 \
      FL C:/arxitektonikh1/HRY415-project-3/code/CDB_control.vhd \
      EN work/CDB_control 1545330700
FL C:/arxitektonikh1/HRY415-project-3/code/cyclical_shift_register.vhd 2018/12/13.18:25:43 O.87xd
EN work/cyclical_shift_register 1545330678 \
      FL C:/arxitektonikh1/HRY415-project-3/code/cyclical_shift_register.vhd \
      PB ieee/std_logic_1164 1325952872
AR work/cyclical_shift_register/Behavioral 1545330679 \
      FL C:/arxitektonikh1/HRY415-project-3/code/cyclical_shift_register.vhd \
      EN work/cyclical_shift_register 1545330678
FL C:/arxitektonikh1/HRY415-project-3/code/demux1bit.vhd 2018/11/29.23:38:29 O.87xd
EN work/demux 1545330664 FL C:/arxitektonikh1/HRY415-project-3/code/demux1bit.vhd \
      PB ieee/std_logic_1164 1325952872
AR work/demux/Behavioral 1545330665 \
      FL C:/arxitektonikh1/HRY415-project-3/code/demux1bit.vhd EN work/demux 1545330664
FL C:/arxitektonikh1/HRY415-project-3/code/demux2to4.vhd 2018/11/29.23:38:29 O.87xd
EN work/demux2to4 1545330670 \
      FL C:/arxitektonikh1/HRY415-project-3/code/demux2to4.vhd \
      PB ieee/std_logic_1164 1325952872
AR work/demux2to4/Behavioral 1545330671 \
      FL C:/arxitektonikh1/HRY415-project-3/code/demux2to4.vhd EN work/demux2to4 1545330670 \
      CP demux
FL C:/arxitektonikh1/HRY415-project-3/code/demux3to8.vhd 2018/11/29.23:38:29 O.87xd
EN work/demux3to8 1545330676 \
      FL C:/arxitektonikh1/HRY415-project-3/code/demux3to8.vhd \
      PB ieee/std_logic_1164 1325952872
AR work/demux3to8/Behavioral 1545330677 \
      FL C:/arxitektonikh1/HRY415-project-3/code/demux3to8.vhd EN work/demux3to8 1545330676 \
      CP demux CP demux2to4
FL C:/arxitektonikh1/HRY415-project-3/code/demux4to16.vhd 2018/11/29.23:38:29 O.87xd
EN work/demux4to16 1545330686 \
      FL C:/arxitektonikh1/HRY415-project-3/code/demux4to16.vhd \
      PB ieee/std_logic_1164 1325952872
AR work/demux4to16/Behavioral 1545330687 \
      FL C:/arxitektonikh1/HRY415-project-3/code/demux4to16.vhd \
      EN work/demux4to16 1545330686 CP demux CP demux3to8
FL C:/arxitektonikh1/HRY415-project-3/code/demux5to32.vhd 2018/11/29.23:38:29 O.87xd
EN work/demux5to32 1545330694 \
      FL C:/arxitektonikh1/HRY415-project-3/code/demux5to32.vhd \
      PB ieee/std_logic_1164 1325952872
AR work/demux5to32/Structural 1545330695 \
      FL C:/arxitektonikh1/HRY415-project-3/code/demux5to32.vhd \
      EN work/demux5to32 1545330694 CP demux CP demux4to16
FL C:/arxitektonikh1/HRY415-project-3/code/flipflop.vhd 2018/11/29.23:38:29 O.87xd
EN work/flipflop 1545330660 \
      FL C:/arxitektonikh1/HRY415-project-3/code/flipflop.vhd \
      PB ieee/std_logic_1164 1325952872
AR work/flipflop/Behavioral 1545330661 \
      FL C:/arxitektonikh1/HRY415-project-3/code/flipflop.vhd EN work/flipflop 1545330660
FL C:/arxitektonikh1/HRY415-project-3/code/FU_arithmetic.vhd 2018/11/29.23:38:29 O.87xd
EN work/FU_arithmetic 1545330728 \
      FL C:/arxitektonikh1/HRY415-project-3/code/FU_arithmetic.vhd \
      PB ieee/std_logic_1164 1325952872
AR work/FU_arithmetic/Behavioral 1545330729 \
      FL C:/arxitektonikh1/HRY415-project-3/code/FU_arithmetic.vhd \
      EN work/FU_arithmetic 1545330728 CP Reg32BitR CP Reg2BitR CP Reg5BitR \
      CP arithmetic_unit CP FU_arithmetic_control
FL C:/arxitektonikh1/HRY415-project-3/code/FU_arithmetic_control.vhd 2018/11/29.23:38:29 O.87xd
EN work/FU_arithmetic_control 1545330714 \
      FL C:/arxitektonikh1/HRY415-project-3/code/FU_arithmetic_control.vhd \
      PB ieee/std_logic_1164 1325952872
AR work/FU_arithmetic_control/Behavioral 1545330715 \
      FL C:/arxitektonikh1/HRY415-project-3/code/FU_arithmetic_control.vhd \
      EN work/FU_arithmetic_control 1545330714
FL C:/arxitektonikh1/HRY415-project-3/code/FU_logical.vhd 2018/11/29.23:38:29 O.87xd
EN work/FU_logical 1545330732 \
      FL C:/arxitektonikh1/HRY415-project-3/code/FU_logical.vhd \
      PB ieee/std_logic_1164 1325952872
AR work/FU_logical/Behavioral 1545330733 \
      FL C:/arxitektonikh1/HRY415-project-3/code/FU_logical.vhd \
      EN work/FU_logical 1545330732 CP Reg32BitR CP Reg2BitR CP Reg5BitR \
      CP logical_unit CP FU_logical_control
FL C:/arxitektonikh1/HRY415-project-3/code/FU_logical_control.vhd 2018/11/29.23:38:29 O.87xd
EN work/FU_logical_control 1545330706 \
      FL C:/arxitektonikh1/HRY415-project-3/code/FU_logical_control.vhd \
      PB ieee/std_logic_1164 1325952872
AR work/FU_logical_control/Behavioral 1545330707 \
      FL C:/arxitektonikh1/HRY415-project-3/code/FU_logical_control.vhd \
      EN work/FU_logical_control 1545330706
FL C:/arxitektonikh1/HRY415-project-3/code/Issue_unit.vhd 2018/12/13.17:57:49 O.87xd
EN work/Issue_unit 1545330722 \
      FL C:/arxitektonikh1/HRY415-project-3/code/Issue_unit.vhd \
      PB ieee/std_logic_1164 1325952872
AR work/Issue_unit/Behavioral 1545330723 \
      FL C:/arxitektonikh1/HRY415-project-3/code/Issue_unit.vhd \
      EN work/Issue_unit 1545330722
FL C:/arxitektonikh1/HRY415-project-3/code/logical_unit.vhd 2018/11/29.23:38:30 O.87xd
EN work/logical_unit 1545330704 \
      FL C:/arxitektonikh1/HRY415-project-3/code/logical_unit.vhd \
      PB ieee/std_logic_1164 1325952872
AR work/logical_unit/Behavioral 1545330705 \
      FL C:/arxitektonikh1/HRY415-project-3/code/logical_unit.vhd \
      EN work/logical_unit 1545330704
FL C:/arxitektonikh1/HRY415-project-3/code/mux.vhd 2018/11/29.23:38:30 O.87xd
EN work/mux 1545330658 FL C:/arxitektonikh1/HRY415-project-3/code/mux.vhd \
      PB ieee/std_logic_1164 1325952872
AR work/mux/Behavioral 1545330659 \
      FL C:/arxitektonikh1/HRY415-project-3/code/mux.vhd EN work/mux 1545330658
FL C:/arxitektonikh1/HRY415-project-3/code/mux16to1_32Bit.vhd 2018/11/14.18:50:34 O.87xd
EN work/mux16to1_32Bit 1545330684 \
      FL C:/arxitektonikh1/HRY415-project-3/code/mux16to1_32Bit.vhd \
      PB ieee/std_logic_1164 1325952872
AR work/mux16to1_32Bit/Behavioral 1545330685 \
      FL C:/arxitektonikh1/HRY415-project-3/code/mux16to1_32Bit.vhd \
      EN work/mux16to1_32Bit 1545330684 CP mux8to1_32Bit CP mux32Bit
FL C:/arxitektonikh1/HRY415-project-3/code/mux32Bit.vhd 2018/11/29.23:38:30 O.87xd
EN work/mux32Bit 1545330662 \
      FL C:/arxitektonikh1/HRY415-project-3/code/mux32Bit.vhd \
      PB ieee/std_logic_1164 1325952872
AR work/mux32Bit/Behavioral 1545330663 \
      FL C:/arxitektonikh1/HRY415-project-3/code/mux32Bit.vhd EN work/mux32Bit 1545330662 \
      CP mux
FL C:/arxitektonikh1/HRY415-project-3/code/mux32to1_32Bit.vhd 2018/11/29.23:38:30 O.87xd
EN work/mux32to1_32Bit 1545330696 \
      FL C:/arxitektonikh1/HRY415-project-3/code/mux32to1_32Bit.vhd \
      PB ieee/std_logic_1164 1325952872
AR work/mux32to1_32Bit/Behavioral 1545330697 \
      FL C:/arxitektonikh1/HRY415-project-3/code/mux32to1_32Bit.vhd \
      EN work/mux32to1_32Bit 1545330696 CP mux16to1_32Bit CP mux32Bit
FL C:/arxitektonikh1/HRY415-project-3/code/mux4to1_32Bit.vhd 2018/11/14.18:50:34 O.87xd
EN work/mux4to1_32Bit 1545330668 \
      FL C:/arxitektonikh1/HRY415-project-3/code/mux4to1_32Bit.vhd \
      PB ieee/std_logic_1164 1325952872
AR work/mux4to1_32Bit/Behavioral 1545330669 \
      FL C:/arxitektonikh1/HRY415-project-3/code/mux4to1_32Bit.vhd \
      EN work/mux4to1_32Bit 1545330668 CP mux32Bit
FL C:/arxitektonikh1/HRY415-project-3/code/mux4to1_5bit.vhd 2018/11/29.23:38:30 O.87xd
EN work/mux4to1_5bit 1545330698 \
      FL C:/arxitektonikh1/HRY415-project-3/code/mux4to1_5bit.vhd \
      PB ieee/std_logic_1164 1325952872
AR work/mux4to1_5bit/Behavioral 1545330699 \
      FL C:/arxitektonikh1/HRY415-project-3/code/mux4to1_5bit.vhd \
      EN work/mux4to1_5bit 1545330698 CP mux5Bit
FL C:/arxitektonikh1/HRY415-project-3/code/mux5Bit.vhd 2018/11/29.23:38:30 O.87xd
EN work/mux5Bit 1545330688 FL C:/arxitektonikh1/HRY415-project-3/code/mux5Bit.vhd \
      PB ieee/std_logic_1164 1325952872
AR work/mux5Bit/Behavioral 1545330689 \
      FL C:/arxitektonikh1/HRY415-project-3/code/mux5Bit.vhd EN work/mux5Bit 1545330688 \
      CP mux
FL C:/arxitektonikh1/HRY415-project-3/code/mux8to1_32Bit.vhd 2018/11/14.18:50:34 O.87xd
EN work/mux8to1_32Bit 1545330674 \
      FL C:/arxitektonikh1/HRY415-project-3/code/mux8to1_32Bit.vhd \
      PB ieee/std_logic_1164 1325952872
AR work/mux8to1_32Bit/Behavioral 1545330675 \
      FL C:/arxitektonikh1/HRY415-project-3/code/mux8to1_32Bit.vhd \
      EN work/mux8to1_32Bit 1545330674 CP mux4to1_32Bit CP mux32Bit
FL C:/arxitektonikh1/HRY415-project-3/code/Reg1BitR.vhd 2018/11/29.23:38:29 O.87xd
EN work/Reg1BitR 1545330666 \
      FL C:/arxitektonikh1/HRY415-project-3/code/Reg1BitR.vhd \
      PB ieee/std_logic_1164 1325952872
AR work/Reg1BitR/Behavioral 1545330667 \
      FL C:/arxitektonikh1/HRY415-project-3/code/Reg1BitR.vhd EN work/Reg1BitR 1545330666 \
      CP mux CP flipflop
FL C:/arxitektonikh1/HRY415-project-3/code/Reg2BitR.vhd 2018/11/29.23:38:29 O.87xd
EN work/Reg2BitR 1545330702 \
      FL C:/arxitektonikh1/HRY415-project-3/code/Reg2BitR.vhd \
      PB ieee/std_logic_1164 1325952872
AR work/Reg2BitR/Behavioral 1545330703 \
      FL C:/arxitektonikh1/HRY415-project-3/code/Reg2BitR.vhd EN work/Reg2BitR 1545330702 \
      CP Reg1BitR
FL C:/arxitektonikh1/HRY415-project-3/code/Reg32BitR.vhd 2018/11/29.23:38:29 O.87xd
EN work/Reg32BitR 1545330682 \
      FL C:/arxitektonikh1/HRY415-project-3/code/Reg32BitR.vhd \
      PB ieee/std_logic_1164 1325952872
AR work/Reg32BitR/Structural 1545330683 \
      FL C:/arxitektonikh1/HRY415-project-3/code/Reg32BitR.vhd EN work/Reg32BitR 1545330682 \
      CP Reg4BitR
FL C:/arxitektonikh1/HRY415-project-3/code/Reg4BitR.vhd 2018/11/29.23:38:29 O.87xd
EN work/Reg4BitR 1545330672 \
      FL C:/arxitektonikh1/HRY415-project-3/code/Reg4BitR.vhd \
      PB ieee/std_logic_1164 1325952872
AR work/Reg4BitR/Behavioral 1545330673 \
      FL C:/arxitektonikh1/HRY415-project-3/code/Reg4BitR.vhd EN work/Reg4BitR 1545330672 \
      CP Reg1BitR
FL C:/arxitektonikh1/HRY415-project-3/code/Reg5BitR.vhd 2018/11/29.23:38:29 O.87xd
EN work/Reg5BitR 1545330680 \
      FL C:/arxitektonikh1/HRY415-project-3/code/Reg5BitR.vhd \
      PB ieee/std_logic_1164 1325952872
AR work/Reg5BitR/Behavioral 1545330681 \
      FL C:/arxitektonikh1/HRY415-project-3/code/Reg5BitR.vhd EN work/Reg5BitR 1545330680 \
      CP Reg1BitR
FL C:/arxitektonikh1/HRY415-project-3/code/Register_File.vhd 2018/12/13.17:55:01 O.87xd
EN work/Register_File 1545330724 \
      FL C:/arxitektonikh1/HRY415-project-3/code/Register_File.vhd \
      PB ieee/std_logic_1164 1325952872
AR work/Register_File/Behavioral 1545330725 \
      FL C:/arxitektonikh1/HRY415-project-3/code/Register_File.vhd \
      EN work/Register_File 1545330724 CP V_block CP reorder_buffer
FL C:/arxitektonikh1/HRY415-project-3/code/reorder_buffer.vhd 2018/12/14.17:59:51 O.87xd
EN work/reorder_buffer 1545330720 \
      FL C:/arxitektonikh1/HRY415-project-3/code/reorder_buffer.vhd \
      PB ieee/std_logic_1164 1325952872 PB ieee/STD_LOGIC_UNSIGNED 1325952875 \
      PB ieee/NUMERIC_STD 1325952877
AR work/reorder_buffer/Behavioral 1545330721 \
      FL C:/arxitektonikh1/HRY415-project-3/code/reorder_buffer.vhd \
      EN work/reorder_buffer 1545330720 CP buffer_line CP rob_control
FL C:/arxitektonikh1/HRY415-project-3/code/rob_control.vhd 2018/12/15.16:33:49 O.87xd
EN work/rob_control 1545330692 \
      FL C:/arxitektonikh1/HRY415-project-3/code/rob_control.vhd \
      PB ieee/std_logic_1164 1325952872 PB ieee/NUMERIC_STD 1325952877
AR work/rob_control/Behavioral 1545330693 \
      FL C:/arxitektonikh1/HRY415-project-3/code/rob_control.vhd \
      EN work/rob_control 1545330692 CP cyclical_shift_register
FL C:/arxitektonikh1/HRY415-project-3/code/RSUnitAr.vhd 2018/12/13.18:02:18 O.87xd
EN work/RS_unit_arithemtic 1545330726 \
      FL C:/arxitektonikh1/HRY415-project-3/code/RSUnitAr.vhd \
      PB ieee/std_logic_1164 1325952872
AR work/RS_unit_arithemtic/Behavioral 1545330727 \
      FL C:/arxitektonikh1/HRY415-project-3/code/RSUnitAr.vhd \
      EN work/RS_unit_arithemtic 1545330726 CP RS_reg_line CP mux4to1_32Bit \
      CP RS_arithmetic_control
FL C:/arxitektonikh1/HRY415-project-3/code/RS_ar_control.vhd 2018/12/13.18:02:14 O.87xd
EN work/RS_arithmetic_control 1545330716 \
      FL C:/arxitektonikh1/HRY415-project-3/code/RS_ar_control.vhd \
      PB ieee/std_logic_1164 1325952872
AR work/RS_arithmetic_control/Behavioral 1545330717 \
      FL C:/arxitektonikh1/HRY415-project-3/code/RS_ar_control.vhd \
      EN work/RS_arithmetic_control 1545330716
FL C:/arxitektonikh1/HRY415-project-3/code/RS_logica_control.vhd 2018/12/13.18:00:53 O.87xd
EN work/RS_logical_control 1545330710 \
      FL C:/arxitektonikh1/HRY415-project-3/code/RS_logica_control.vhd \
      PB ieee/std_logic_1164 1325952872
AR work/RS_logical_control/Behavioral 1545330711 \
      FL C:/arxitektonikh1/HRY415-project-3/code/RS_logica_control.vhd \
      EN work/RS_logical_control 1545330710
FL C:/arxitektonikh1/HRY415-project-3/code/RS_reg_line.vhd 2018/12/13.18:03:50 O.87xd
EN work/RS_reg_line 1545330708 \
      FL C:/arxitektonikh1/HRY415-project-3/code/RS_reg_line.vhd \
      PB ieee/std_logic_1164 1325952872
AR work/RS_reg_line/Behavioral 1545330709 \
      FL C:/arxitektonikh1/HRY415-project-3/code/RS_reg_line.vhd \
      EN work/RS_reg_line 1545330708 CP Reg1BitR CP Reg5BitR CP mux32Bit \
      CP Reg32BitR CP mux5Bit
FL C:/arxitektonikh1/HRY415-project-3/code/RS_unit_logical.vhd 2018/12/13.18:01:14 O.87xd
EN work/RS_unit_logical 1545330730 \
      FL C:/arxitektonikh1/HRY415-project-3/code/RS_unit_logical.vhd \
      PB ieee/std_logic_1164 1325952872
AR work/RS_unit_logical/Behavioral 1545330731 \
      FL C:/arxitektonikh1/HRY415-project-3/code/RS_unit_logical.vhd \
      EN work/RS_unit_logical 1545330730 CP RS_reg_line CP mux4to1_32Bit \
      CP RS_logical_control
FL C:/arxitektonikh1/HRY415-project-3/code/V_block.vhd 2018/12/06.17:30:35 O.87xd
EN work/V_block 1545330718 FL C:/arxitektonikh1/HRY415-project-3/code/V_block.vhd \
      PB ieee/std_logic_1164 1325952872
AR work/V_block/Behavioral 1545330719 \
      FL C:/arxitektonikh1/HRY415-project-3/code/V_block.vhd EN work/V_block 1545330718 \
      CP demux5to32 CP Reg32BitR CP mux32to1_32Bit CP mux32Bit
